// Jest Snapshot v1, https://goo.gl/fbAQLP

exports[`AppNavBar (Snapshot) Should render component 1`] = `
<nav
  className="bg-danger navbar navbar-expand-lg navbar-dark fixed-top"
>
  <div
    className="container"
  >
    <a
      className="navbar-brand"
      href="#home"
    >
      React Test App
    </a>
  </div>
</nav>
`;
